Using pre-set license
Built from '2020.3/staging' branch; Version is '2020.3.26f1 (7298b473bc1a) revision 7510196'; Using compiler version '192528614'; Build Type 'Release'
OS: 'Windows 10  (10.0.19045) 64bit Professional' Language: 'en' Physical Memory: 32714 MB
BatchMode: 1, IsHumanControllingUs: 0, StartBugReporterOnCrash: 0, Is64bit: 1, IsPro: 0

COMMAND LINE ARGUMENTS:
D:\unity\2020.3.26f1\Editor\Unity.exe
-adb2
-batchMode
-noUpm
-name
AssetImportWorker0
-projectPath
D:/work/freelance/fakeapp2
-logFile
Logs/AssetImportWorker0.log
-srvPort
54465
Successfully changed project path to: D:/work/freelance/fakeapp2
D:/work/freelance/fakeapp2
Using Asset Import Pipeline V2.
Refreshing native plugins compatible for Editor in 45.37 ms, found 2 plugins.
Preloading 0 native plugins for Editor in 0.00 ms.
Initialize engine version: 2020.3.26f1 (7298b473bc1a)
[Subsystems] Discovering subsystems at path D:/unity/2020.3.26f1/Editor/Data/Resources/UnitySubsystems
[Subsystems] Discovering subsystems at path D:/work/freelance/fakeapp2/Assets
GfxDevice: creating device client; threaded=0
Direct3D:
    Version:  Direct3D 11.0 [level 11.1]
    Renderer: NVIDIA GeForce GTX 1080 Ti (ID=0x1b06)
    Vendor:   
    VRAM:     11106 MB
    Driver:   32.0.15.6094
Initialize mono
Mono path[0] = 'D:/unity/2020.3.26f1/Editor/Data/Managed'
Mono path[1] = 'D:/unity/2020.3.26f1/Editor/Data/MonoBleedingEdge/lib/mono/unityjit'
Mono config path = 'D:/unity/2020.3.26f1/Editor/Data/MonoBleedingEdge/etc'
Using monoOptions --debugger-agent=transport=dt_socket,embedding=1,server=y,suspend=n,address=127.0.0.1:56264
Begin MonoManager ReloadAssembly
Registering precompiled unity dll's ...
Register platform support module: D:/unity/2020.3.26f1/Editor/Data/PlaybackEngines/WindowsStandaloneSupport/UnityEditor.WindowsStandalone.Extensions.dll
Registered in 0.001061 seconds.
Native extension for WindowsStandalone target not found
Refreshing native plugins compatible for Editor in 45.36 ms, found 2 plugins.
Preloading 0 native plugins for Editor in 0.00 ms.
Mono: successfully reloaded assembly
- Completed reload, in  0.627 seconds
Domain Reload Profiling:
	ReloadAssembly (628ms)
		BeginReloadAssembly (51ms)
			ExecutionOrderSort (0ms)
			DisableScriptedObjects (0ms)
			BackupInstance (0ms)
			ReleaseScriptingObjects (0ms)
			CreateAndSetChildDomain (1ms)
		EndReloadAssembly (503ms)
			LoadAssemblies (50ms)
			RebuildTransferFunctionScriptingTraits (0ms)
			SetupTypeCache (169ms)
			ReleaseScriptCaches (0ms)
			RebuildScriptCaches (32ms)
			SetupLoadedEditorAssemblies (186ms)
				LogAssemblyErrors (0ms)
				InitializePlatformSupportModulesInManaged (4ms)
				SetLoadedEditorAssemblies (0ms)
				RefreshPlugins (45ms)
				BeforeProcessingInitializeOnLoad (17ms)
				ProcessInitializeOnLoadAttributes (89ms)
				ProcessInitializeOnLoadMethodAttributes (30ms)
				AfterProcessingInitializeOnLoad (0ms)
				EditorAssembliesLoaded (0ms)
			ExecutionOrderSort2 (0ms)
			AwakeInstancesAfterBackupRestoration (0ms)
Platform modules already initialized, skipping
Registering precompiled user dll's ...
Registered in 0.003592 seconds.
Begin MonoManager ReloadAssembly
Native extension for WindowsStandalone target not found
Refreshing native plugins compatible for Editor in 49.82 ms, found 2 plugins.
Preloading 0 native plugins for Editor in 0.00 ms.
Mono: successfully reloaded assembly
- Completed reload, in  1.120 seconds
Domain Reload Profiling:
	ReloadAssembly (1121ms)
		BeginReloadAssembly (146ms)
			ExecutionOrderSort (0ms)
			DisableScriptedObjects (6ms)
			BackupInstance (0ms)
			ReleaseScriptingObjects (0ms)
			CreateAndSetChildDomain (19ms)
		EndReloadAssembly (913ms)
			LoadAssemblies (86ms)
			RebuildTransferFunctionScriptingTraits (0ms)
			SetupTypeCache (303ms)
			ReleaseScriptCaches (1ms)
			RebuildScriptCaches (48ms)
			SetupLoadedEditorAssemblies (343ms)
				LogAssemblyErrors (0ms)
				InitializePlatformSupportModulesInManaged (5ms)
				SetLoadedEditorAssemblies (0ms)
				RefreshPlugins (50ms)
				BeforeProcessingInitializeOnLoad (73ms)
				ProcessInitializeOnLoadAttributes (202ms)
				ProcessInitializeOnLoadMethodAttributes (11ms)
				AfterProcessingInitializeOnLoad (2ms)
				EditorAssembliesLoaded (0ms)
			ExecutionOrderSort2 (0ms)
			AwakeInstancesAfterBackupRestoration (7ms)
Platform modules already initialized, skipping
========================================================================
Worker process is ready to serve import requests
Launched and connected shader compiler UnityShaderCompiler.exe after 0.05 seconds
Refreshing native plugins compatible for Editor in 0.49 ms, found 2 plugins.
Preloading 0 native plugins for Editor in 0.00 ms.
Unloading 1713 Unused Serialized files (Serialized files now loaded: 0)
System memory in use before: 80.3 MB.
System memory in use after: 80.4 MB.

Unloading 19 unused Assets to reduce memory usage. Loaded Objects now: 2145.
Total: 5.454100 ms (FindLiveObjects: 0.260100 ms CreateObjectMapping: 0.050900 ms MarkObjects: 5.055500 ms  DeleteObjects: 0.085800 ms)

AssetImportParameters requested are different than current active one (requested -> active):
  custom:framework-win-MediaFoundation: 216162199b28c13a410421893ffa2e32 -> 
  custom:video-decoder-ogg-theora: a1e56fd34408186e4bbccfd4996cb3dc -> 
  custom:container-muxer-webm: aa71ff27fc2769a1b78a27578f13a17b -> 
  custom:container-demuxer-webm: 4f35f7cbe854078d1ac9338744f61a02 -> 
  custom:container-demuxer-ogg: 62fdf1f143b41e24485cea50d1cbac27 -> 
  custom:video-encoder-webm-vp8: eb34c28f22e8b96e1ab97ce403110664 -> 
  custom:video-decoder-webm-vp8: 9c59270c3fd7afecdb556c50c9e8de78 -> 
  custom:audio-decoder-ogg-vorbis: bf7c407c2cedff20999df2af8eb42d56 -> 
  custom:audio-encoder-webm-vorbis: bf7c407c2cedff20999df2af8eb42d56 -> 
========================================================================
Received Import Request.
  path: Assets/Image/S2/Sound/Android Expanded - 34.png
  artifactKey: Guid(a6dc6a3a6bd7b27438bec4572bc83fba) Importer(815301076,1909f56bfc062723c751e8b465ee728b)
Start importing Assets/Image/S2/Sound/Android Expanded - 34.png using Guid(a6dc6a3a6bd7b27438bec4572bc83fba) Importer(815301076,1909f56bfc062723c751e8b465ee728b)  -> (artifact id: 'ae566297a7f598343a30a2e4f3dc1b6e') in 0.190598 seconds 
  Import took 0.193269 seconds .

========================================================================
Received Import Request.
  Time since last request: 0.000249 seconds.
  path: Assets/Image/ipad/Android Expanded - 13.png
  artifactKey: Guid(e2bbee5290c16d842a2e600bd45d959e) Importer(815301076,1909f56bfc062723c751e8b465ee728b)
Start importing Assets/Image/ipad/Android Expanded - 13.png using Guid(e2bbee5290c16d842a2e600bd45d959e) Importer(815301076,1909f56bfc062723c751e8b465ee728b)  -> (artifact id: '56803c29f20b41a6ead14cf2999a1d1a') in 0.086863 seconds 
  Import took 0.089622 seconds .

========================================================================
Received Import Request.
  Time since last request: 0.188336 seconds.
  path: Assets/Image/BankS1/B1-1-1.png
  artifactKey: Guid(456774e94d8aeef4a963f0aba7b2099d) Importer(815301076,1909f56bfc062723c751e8b465ee728b)
Start importing Assets/Image/BankS1/B1-1-1.png using Guid(456774e94d8aeef4a963f0aba7b2099d) Importer(815301076,1909f56bfc062723c751e8b465ee728b)  -> (artifact id: '5ff989ef5816daadd854d213d91ed103') in 0.087223 seconds 
  Import took 0.090063 seconds .

========================================================================
Received Import Request.
  Time since last request: 9.090973 seconds.
  path: Assets/Image/S2/รหัสธนาคาร.png
  artifactKey: Guid(79b8a9ea252b52347a2d9dc87ffd65fa) Importer(815301076,1909f56bfc062723c751e8b465ee728b)
Start importing Assets/Image/S2/รหัสธนาคาร.png using Guid(79b8a9ea252b52347a2d9dc87ffd65fa) Importer(815301076,1909f56bfc062723c751e8b465ee728b)  -> (artifact id: '2cca8c44616f25bd5a1f81578cccecae') in 0.012724 seconds 
  Import took 0.015764 seconds .

========================================================================
Received Import Request.
  Time since last request: 4.006839 seconds.
  path: Assets/PopUp/Story3/bank3-1.prefab
  artifactKey: Guid(d0f481e2c87500c42bb8f406b824b9e5) Importer(815301076,1909f56bfc062723c751e8b465ee728b)
Start importing Assets/PopUp/Story3/bank3-1.prefab using Guid(d0f481e2c87500c42bb8f406b824b9e5) Importer(815301076,1909f56bfc062723c751e8b465ee728b)  -> (artifact id: '3f259b3e3861cb7fca2e43b59001f1f0') in 0.024251 seconds 
  Import took 0.027768 seconds .

========================================================================
Received Import Request.
  Time since last request: 8.744907 seconds.
  path: Assets/PopUp/Story3/bank3-3.prefab
  artifactKey: Guid(3b77274f6ea2e004cb228cf6b0e4cfc6) Importer(815301076,1909f56bfc062723c751e8b465ee728b)
Start importing Assets/PopUp/Story3/bank3-3.prefab using Guid(3b77274f6ea2e004cb228cf6b0e4cfc6) Importer(815301076,1909f56bfc062723c751e8b465ee728b)  -> (artifact id: 'ef32040f578d7e539844c49ebde571c7') in 0.006493 seconds 
  Import took 0.027326 seconds .

========================================================================
Received Import Request.
  Time since last request: 2.192328 seconds.
  path: Assets/PopUp/Story2/page2-5.prefab
  artifactKey: Guid(6b183e137dc11cb4ab7fe5aba616190b) Importer(815301076,1909f56bfc062723c751e8b465ee728b)
Start importing Assets/PopUp/Story2/page2-5.prefab using Guid(6b183e137dc11cb4ab7fe5aba616190b) Importer(815301076,1909f56bfc062723c751e8b465ee728b)  -> (artifact id: 'a06d299f45c0b0445d63c61e3e212313') in 0.053603 seconds 
  Import took 0.057571 seconds .

========================================================================
Received Import Request.
  Time since last request: 0.912309 seconds.
  path: Assets/PopUp/Story2/page2-4.prefab
  artifactKey: Guid(46bf8618c31a41c458fb0dfa7946e675) Importer(815301076,1909f56bfc062723c751e8b465ee728b)
Start importing Assets/PopUp/Story2/page2-4.prefab using Guid(46bf8618c31a41c458fb0dfa7946e675) Importer(815301076,1909f56bfc062723c751e8b465ee728b)  -> (artifact id: '2929188197086a389933d5a18d21279c') in 0.036729 seconds 
  Import took 0.040194 seconds .

========================================================================
Received Import Request.
  Time since last request: 1.790962 seconds.
  path: Assets/PopUp/Story2/page2-3.prefab
  artifactKey: Guid(d6619af51577a9e4c8adc71a372471f5) Importer(815301076,1909f56bfc062723c751e8b465ee728b)
Start importing Assets/PopUp/Story2/page2-3.prefab using Guid(d6619af51577a9e4c8adc71a372471f5) Importer(815301076,1909f56bfc062723c751e8b465ee728b)  -> (artifact id: '008054e264aa8b9c3f8d86d79a746edb') in 0.049524 seconds 
  Import took 0.052838 seconds .

========================================================================
Received Prepare
Registering precompiled user dll's ...
Registered in 0.003545 seconds.
Begin MonoManager ReloadAssembly
Native extension for WindowsStandalone target not found
Refreshing native plugins compatible for Editor in 0.53 ms, found 2 plugins.
Preloading 0 native plugins for Editor in 0.00 ms.
CreateSerializedAsset is not supported while importing out-of-process
UnityEngine.StackTraceUtility:ExtractStackTrace ()
PhEngine.ThaiTextCare.ThaiTextCareSettings:PrepareInstance () (at Assets/ThaiTextCare-for-Unity-main/Runtime/ThaiTextCareSettings.cs:58)
PhEngine.ThaiTextCare.Editor.ThaiTextCareEditorCore:.cctor () (at Assets/ThaiTextCare-for-Unity-main/Editor/ThaiTextNurse/ThaiTextCareEditorCore.cs:14)
System.Runtime.CompilerServices.RuntimeHelpers:RunClassConstructor (System.RuntimeTypeHandle)
UnityEditor.EditorAssemblies:ProcessInitializeOnLoadAttributes (System.Type[])

[Assets/ThaiTextCare-for-Unity-main/Runtime/ThaiTextCareSettings.cs line 58]

UnityEngine.UnityException: Creating asset at path Assets/Plugins/ThaiTextCare/Resources/ThaiTextCareSettings.asset failed.
  at (wrapper managed-to-native) UnityEditor.AssetDatabase.CreateAsset(UnityEngine.Object,string)
  at PhEngine.ThaiTextCare.ThaiTextCareSettings.PrepareInstance () [0x000ab] in D:\work\freelance\fakeapp2\Assets\ThaiTextCare-for-Unity-main\Runtime\ThaiTextCareSettings.cs:58 
  at PhEngine.ThaiTextCare.Editor.ThaiTextCareEditorCore..cctor () [0x00000] in D:\work\freelance\fakeapp2\Assets\ThaiTextCare-for-Unity-main\Editor\ThaiTextNurse\ThaiTextCareEditorCore.cs:14 
UnityEngine.StackTraceUtility:ExtractStackTrace ()
UnityEngine.DebugLogHandler:LogFormat (UnityEngine.LogType,UnityEngine.Object,string,object[])
UnityEngine.Logger:Log (UnityEngine.LogType,object)
UnityEngine.Debug:LogError (object)
UnityEditor.EditorAssemblies:ProcessInitializeOnLoadAttributes (System.Type[])

Mono: successfully reloaded assembly
- Completed reload, in  1.099 seconds
Domain Reload Profiling:
	ReloadAssembly (1100ms)
		BeginReloadAssembly (110ms)
			ExecutionOrderSort (0ms)
			DisableScriptedObjects (5ms)
			BackupInstance (0ms)
			ReleaseScriptingObjects (0ms)
			CreateAndSetChildDomain (33ms)
		EndReloadAssembly (926ms)
			LoadAssemblies (85ms)
			RebuildTransferFunctionScriptingTraits (0ms)
			SetupTypeCache (359ms)
			ReleaseScriptCaches (1ms)
			RebuildScriptCaches (41ms)
			SetupLoadedEditorAssemblies (312ms)
				LogAssemblyErrors (0ms)
				InitializePlatformSupportModulesInManaged (6ms)
				SetLoadedEditorAssemblies (1ms)
				RefreshPlugins (1ms)
				BeforeProcessingInitializeOnLoad (75ms)
				ProcessInitializeOnLoadAttributes (217ms)
				ProcessInitializeOnLoadMethodAttributes (11ms)
				AfterProcessingInitializeOnLoad (2ms)
				EditorAssembliesLoaded (0ms)
			ExecutionOrderSort2 (0ms)
			AwakeInstancesAfterBackupRestoration (10ms)
Platform modules already initialized, skipping
Switching build target platform(19) subTarget(0) extendedPlatform(0) -> platform(13) subTarget(537395200) extendedPlatform(0)
Refreshing native plugins compatible for Editor in 0.51 ms, found 2 plugins.
Preloading 0 native plugins for Editor in 0.00 ms.
Unloading 1690 Unused Serialized files (Serialized files now loaded: 0)
System memory in use before: 81.5 MB.
System memory in use after: 81.6 MB.

Unloading 16 unused Assets to reduce memory usage. Loaded Objects now: 2159.
Total: 2.929800 ms (FindLiveObjects: 0.194300 ms CreateObjectMapping: 0.043600 ms MarkObjects: 2.666700 ms  DeleteObjects: 0.024400 ms)

AssetImportParameters requested are different than current active one (requested -> active):
  custom:framework-win-MediaFoundation: 216162199b28c13a410421893ffa2e32 -> 
  custom:video-decoder-ogg-theora: a1e56fd34408186e4bbccfd4996cb3dc -> 
  custom:container-muxer-webm: aa71ff27fc2769a1b78a27578f13a17b -> 
  custom:container-demuxer-webm: 4f35f7cbe854078d1ac9338744f61a02 -> 
  custom:container-demuxer-ogg: 62fdf1f143b41e24485cea50d1cbac27 -> 
  custom:video-encoder-webm-vp8: eb34c28f22e8b96e1ab97ce403110664 -> 
  custom:video-decoder-webm-vp8: 9c59270c3fd7afecdb556c50c9e8de78 -> 
  custom:graphics/normal-map-encoding: 01000000000000000000000000000000 -> 02000000000000000000000000000000
  custom:audio-decoder-ogg-vorbis: bf7c407c2cedff20999df2af8eb42d56 -> 
  custom:audio-encoder-webm-vorbis: bf7c407c2cedff20999df2af8eb42d56 -> 
========================================================================
Received Import Request.
  Time since last request: 98.490358 seconds.
  path: Assets/PopUp/Story2/page2-3.prefab
  artifactKey: Guid(d6619af51577a9e4c8adc71a372471f5) Importer(815301076,1909f56bfc062723c751e8b465ee728b)
Start importing Assets/PopUp/Story2/page2-3.prefab using Guid(d6619af51577a9e4c8adc71a372471f5) Importer(815301076,1909f56bfc062723c751e8b465ee728b)  -> (artifact id: 'f4e5d21898186f7ae7eda9533ac30150') in 0.093466 seconds 
  Import took 0.096687 seconds .

========================================================================
Received Import Request.
  Time since last request: 0.643646 seconds.
  path: Assets/PopUp/Story2/page2-2.prefab
  artifactKey: Guid(044d6951abdf8b84d909cb94728a75f1) Importer(815301076,1909f56bfc062723c751e8b465ee728b)
Start importing Assets/PopUp/Story2/page2-2.prefab using Guid(044d6951abdf8b84d909cb94728a75f1) Importer(815301076,1909f56bfc062723c751e8b465ee728b)  -> (artifact id: '8ab6084274d131a52ee5523cdae8db15') in 0.036014 seconds 
  Import took 0.060105 seconds .

========================================================================
Received Prepare
Registering precompiled user dll's ...
Registered in 0.002773 seconds.
Begin MonoManager ReloadAssembly
Native extension for WindowsStandalone target not found
Refreshing native plugins compatible for Editor in 0.53 ms, found 2 plugins.
Preloading 0 native plugins for Editor in 0.00 ms.
CreateSerializedAsset is not supported while importing out-of-process
UnityEngine.StackTraceUtility:ExtractStackTrace ()
PhEngine.ThaiTextCare.ThaiTextCareSettings:PrepareInstance () (at Assets/ThaiTextCare-for-Unity-main/Runtime/ThaiTextCareSettings.cs:58)
PhEngine.ThaiTextCare.Editor.ThaiTextCareEditorCore:.cctor () (at Assets/ThaiTextCare-for-Unity-main/Editor/ThaiTextNurse/ThaiTextCareEditorCore.cs:14)
System.Runtime.CompilerServices.RuntimeHelpers:RunClassConstructor (System.RuntimeTypeHandle)
UnityEditor.EditorAssemblies:ProcessInitializeOnLoadAttributes (System.Type[])

[Assets/ThaiTextCare-for-Unity-main/Runtime/ThaiTextCareSettings.cs line 58]

UnityEngine.UnityException: Creating asset at path Assets/Plugins/ThaiTextCare/Resources/ThaiTextCareSettings.asset failed.
  at (wrapper managed-to-native) UnityEditor.AssetDatabase.CreateAsset(UnityEngine.Object,string)
  at PhEngine.ThaiTextCare.ThaiTextCareSettings.PrepareInstance () [0x000ab] in D:\work\freelance\fakeapp2\Assets\ThaiTextCare-for-Unity-main\Runtime\ThaiTextCareSettings.cs:58 
  at PhEngine.ThaiTextCare.Editor.ThaiTextCareEditorCore..cctor () [0x00000] in D:\work\freelance\fakeapp2\Assets\ThaiTextCare-for-Unity-main\Editor\ThaiTextNurse\ThaiTextCareEditorCore.cs:14 
UnityEngine.StackTraceUtility:ExtractStackTrace ()
UnityEngine.DebugLogHandler:LogFormat (UnityEngine.LogType,UnityEngine.Object,string,object[])
UnityEngine.Logger:Log (UnityEngine.LogType,object)
UnityEngine.Debug:LogError (object)
UnityEditor.EditorAssemblies:ProcessInitializeOnLoadAttributes (System.Type[])

Mono: successfully reloaded assembly
- Completed reload, in  1.070 seconds
Domain Reload Profiling:
	ReloadAssembly (1071ms)
		BeginReloadAssembly (123ms)
			ExecutionOrderSort (0ms)
			DisableScriptedObjects (6ms)
			BackupInstance (0ms)
			ReleaseScriptingObjects (0ms)
			CreateAndSetChildDomain (40ms)
		EndReloadAssembly (873ms)
			LoadAssemblies (86ms)
			RebuildTransferFunctionScriptingTraits (0ms)
			SetupTypeCache (320ms)
			ReleaseScriptCaches (1ms)
			RebuildScriptCaches (42ms)
			SetupLoadedEditorAssemblies (309ms)
				LogAssemblyErrors (0ms)
				InitializePlatformSupportModulesInManaged (4ms)
				SetLoadedEditorAssemblies (1ms)
				RefreshPlugins (1ms)
				BeforeProcessingInitializeOnLoad (79ms)
				ProcessInitializeOnLoadAttributes (213ms)
				ProcessInitializeOnLoadMethodAttributes (9ms)
				AfterProcessingInitializeOnLoad (2ms)
				EditorAssembliesLoaded (0ms)
			ExecutionOrderSort2 (0ms)
			AwakeInstancesAfterBackupRestoration (7ms)
Platform modules already initialized, skipping
Switching build target platform(19) subTarget(0) extendedPlatform(0) -> platform(13) subTarget(537395200) extendedPlatform(0)
Refreshing native plugins compatible for Editor in 0.60 ms, found 2 plugins.
Preloading 0 native plugins for Editor in 0.00 ms.
Unloading 1691 Unused Serialized files (Serialized files now loaded: 0)
System memory in use before: 81.6 MB.
System memory in use after: 81.7 MB.

Unloading 19 unused Assets to reduce memory usage. Loaded Objects now: 2162.
Total: 3.096400 ms (FindLiveObjects: 0.182200 ms CreateObjectMapping: 0.042000 ms MarkObjects: 2.834500 ms  DeleteObjects: 0.036600 ms)

AssetImportParameters requested are different than current active one (requested -> active):
  custom:framework-win-MediaFoundation: 216162199b28c13a410421893ffa2e32 -> 
  custom:video-decoder-ogg-theora: a1e56fd34408186e4bbccfd4996cb3dc -> 
  custom:container-muxer-webm: aa71ff27fc2769a1b78a27578f13a17b -> 
  custom:container-demuxer-webm: 4f35f7cbe854078d1ac9338744f61a02 -> 
  custom:container-demuxer-ogg: 62fdf1f143b41e24485cea50d1cbac27 -> 
  custom:video-encoder-webm-vp8: eb34c28f22e8b96e1ab97ce403110664 -> 
  custom:video-decoder-webm-vp8: 9c59270c3fd7afecdb556c50c9e8de78 -> 
  custom:graphics/normal-map-encoding: 01000000000000000000000000000000 -> 02000000000000000000000000000000
  custom:audio-decoder-ogg-vorbis: bf7c407c2cedff20999df2af8eb42d56 -> 
  custom:audio-encoder-webm-vorbis: bf7c407c2cedff20999df2af8eb42d56 -> 
AssetImportWorkerClient::OnTransportError - code=2 error=End of file
