Using pre-set license
Built from '2020.3/staging' branch; Version is '2020.3.26f1 (7298b473bc1a) revision 7510196'; Using compiler version '192528614'; Build Type 'Release'
OS: 'Windows 10  (10.0.19045) 64bit Professional' Language: 'en' Physical Memory: 32714 MB
BatchMode: 1, IsHumanControllingUs: 0, StartBugReporterOnCrash: 0, Is64bit: 1, IsPro: 0

COMMAND LINE ARGUMENTS:
D:\unity\2020.3.26f1\Editor\Unity.exe
-adb2
-batchMode
-noUpm
-name
AssetImportWorker0
-projectPath
D:/work/freelance/fakeapp2
-logFile
Logs/AssetImportWorker0.log
-srvPort
55258
Successfully changed project path to: D:/work/freelance/fakeapp2
D:/work/freelance/fakeapp2
Using Asset Import Pipeline V2.
Refreshing native plugins compatible for Editor in 43.64 ms, found 2 plugins.
Preloading 0 native plugins for Editor in 0.00 ms.
Initialize engine version: 2020.3.26f1 (7298b473bc1a)
[Subsystems] Discovering subsystems at path D:/unity/2020.3.26f1/Editor/Data/Resources/UnitySubsystems
[Subsystems] Discovering subsystems at path D:/work/freelance/fakeapp2/Assets
GfxDevice: creating device client; threaded=0
Direct3D:
    Version:  Direct3D 11.0 [level 11.1]
    Renderer: NVIDIA GeForce GTX 1080 Ti (ID=0x1b06)
    Vendor:   
    VRAM:     11106 MB
    Driver:   32.0.15.6094
Initialize mono
Mono path[0] = 'D:/unity/2020.3.26f1/Editor/Data/Managed'
Mono path[1] = 'D:/unity/2020.3.26f1/Editor/Data/MonoBleedingEdge/lib/mono/unityjit'
Mono config path = 'D:/unity/2020.3.26f1/Editor/Data/MonoBleedingEdge/etc'
Using monoOptions --debugger-agent=transport=dt_socket,embedding=1,server=y,suspend=n,address=127.0.0.1:56504
Begin MonoManager ReloadAssembly
Registering precompiled unity dll's ...
Register platform support module: D:/unity/2020.3.26f1/Editor/Data/PlaybackEngines/WindowsStandaloneSupport/UnityEditor.WindowsStandalone.Extensions.dll
Registered in 0.000922 seconds.
Native extension for WindowsStandalone target not found
Refreshing native plugins compatible for Editor in 44.32 ms, found 2 plugins.
Preloading 0 native plugins for Editor in 0.00 ms.
Mono: successfully reloaded assembly
- Completed reload, in  0.621 seconds
Domain Reload Profiling:
	ReloadAssembly (621ms)
		BeginReloadAssembly (53ms)
			ExecutionOrderSort (0ms)
			DisableScriptedObjects (0ms)
			BackupInstance (0ms)
			ReleaseScriptingObjects (0ms)
			CreateAndSetChildDomain (1ms)
		EndReloadAssembly (493ms)
			LoadAssemblies (52ms)
			RebuildTransferFunctionScriptingTraits (0ms)
			SetupTypeCache (168ms)
			ReleaseScriptCaches (0ms)
			RebuildScriptCaches (31ms)
			SetupLoadedEditorAssemblies (192ms)
				LogAssemblyErrors (0ms)
				InitializePlatformSupportModulesInManaged (4ms)
				SetLoadedEditorAssemblies (0ms)
				RefreshPlugins (44ms)
				BeforeProcessingInitializeOnLoad (17ms)
				ProcessInitializeOnLoadAttributes (92ms)
				ProcessInitializeOnLoadMethodAttributes (33ms)
				AfterProcessingInitializeOnLoad (0ms)
				EditorAssembliesLoaded (0ms)
			ExecutionOrderSort2 (0ms)
			AwakeInstancesAfterBackupRestoration (0ms)
Platform modules already initialized, skipping
Registering precompiled user dll's ...
Registered in 0.002615 seconds.
Begin MonoManager ReloadAssembly
Native extension for WindowsStandalone target not found
Refreshing native plugins compatible for Editor in 42.92 ms, found 2 plugins.
Preloading 0 native plugins for Editor in 0.00 ms.
Mono: successfully reloaded assembly
- Completed reload, in  1.154 seconds
Domain Reload Profiling:
	ReloadAssembly (1155ms)
		BeginReloadAssembly (150ms)
			ExecutionOrderSort (0ms)
			DisableScriptedObjects (5ms)
			BackupInstance (0ms)
			ReleaseScriptingObjects (0ms)
			CreateAndSetChildDomain (19ms)
		EndReloadAssembly (942ms)
			LoadAssemblies (87ms)
			RebuildTransferFunctionScriptingTraits (0ms)
			SetupTypeCache (334ms)
			ReleaseScriptCaches (0ms)
			RebuildScriptCaches (48ms)
			SetupLoadedEditorAssemblies (337ms)
				LogAssemblyErrors (0ms)
				InitializePlatformSupportModulesInManaged (3ms)
				SetLoadedEditorAssemblies (0ms)
				RefreshPlugins (43ms)
				BeforeProcessingInitializeOnLoad (72ms)
				ProcessInitializeOnLoadAttributes (206ms)
				ProcessInitializeOnLoadMethodAttributes (10ms)
				AfterProcessingInitializeOnLoad (2ms)
				EditorAssembliesLoaded (0ms)
			ExecutionOrderSort2 (0ms)
			AwakeInstancesAfterBackupRestoration (7ms)
Platform modules already initialized, skipping
========================================================================
Worker process is ready to serve import requests
Launched and connected shader compiler UnityShaderCompiler.exe after 0.05 seconds
Refreshing native plugins compatible for Editor in 0.94 ms, found 2 plugins.
Preloading 0 native plugins for Editor in 0.00 ms.
Unloading 1713 Unused Serialized files (Serialized files now loaded: 0)
System memory in use before: 80.3 MB.
System memory in use after: 80.4 MB.

Unloading 19 unused Assets to reduce memory usage. Loaded Objects now: 2145.
Total: 2.968000 ms (FindLiveObjects: 0.178600 ms CreateObjectMapping: 0.041900 ms MarkObjects: 2.676700 ms  DeleteObjects: 0.069600 ms)

AssetImportParameters requested are different than current active one (requested -> active):
  custom:framework-win-MediaFoundation: 216162199b28c13a410421893ffa2e32 -> 
  custom:video-decoder-ogg-theora: a1e56fd34408186e4bbccfd4996cb3dc -> 
  custom:container-muxer-webm: aa71ff27fc2769a1b78a27578f13a17b -> 
  custom:container-demuxer-webm: 4f35f7cbe854078d1ac9338744f61a02 -> 
  custom:container-demuxer-ogg: 62fdf1f143b41e24485cea50d1cbac27 -> 
  custom:video-encoder-webm-vp8: eb34c28f22e8b96e1ab97ce403110664 -> 
  custom:video-decoder-webm-vp8: 9c59270c3fd7afecdb556c50c9e8de78 -> 
  custom:audio-decoder-ogg-vorbis: bf7c407c2cedff20999df2af8eb42d56 -> 
  custom:audio-encoder-webm-vorbis: bf7c407c2cedff20999df2af8eb42d56 -> 
========================================================================
Received Import Request.
  path: Assets/Unity-Logs-Viewer/Reporter/Images/user.png
  artifactKey: Guid(2bcdc012e7356f1449ce7d3a31dc458c) Importer(815301076,1909f56bfc062723c751e8b465ee728b)
Start importing Assets/Unity-Logs-Viewer/Reporter/Images/user.png using Guid(2bcdc012e7356f1449ce7d3a31dc458c) Importer(815301076,1909f56bfc062723c751e8b465ee728b)  -> (artifact id: '0ddde9c72f2ed67e1fe2ae06fd99424f') in 0.154792 seconds 
  Import took 0.157380 seconds .

========================================================================
Received Import Request.
  Time since last request: 0.203563 seconds.
  path: Assets/Script/Setup/UserData.cs
  artifactKey: Guid(415677e690f8102419c5ad25265c8b3c) Importer(815301076,1909f56bfc062723c751e8b465ee728b)
Start importing Assets/Script/Setup/UserData.cs using Guid(415677e690f8102419c5ad25265c8b3c) Importer(815301076,1909f56bfc062723c751e8b465ee728b)  -> (artifact id: 'bf5198b0889474574ca443480afec814') in 0.003978 seconds 
  Import took 0.006749 seconds .

========================================================================
Received Import Request.
  Time since last request: 148.363713 seconds.
  path: Assets/Script/Setup/UserData.cs
  artifactKey: Guid(415677e690f8102419c5ad25265c8b3c) Importer(815301076,1909f56bfc062723c751e8b465ee728b)
Start importing Assets/Script/Setup/UserData.cs using Guid(415677e690f8102419c5ad25265c8b3c) Importer(815301076,1909f56bfc062723c751e8b465ee728b)  -> (artifact id: 'abfaa9dd20aca07580707bb5c38c17c0') in 0.001737 seconds 
  Import took 0.013797 seconds .

========================================================================
Received Prepare
Registering precompiled user dll's ...
Registered in 0.002367 seconds.
Begin MonoManager ReloadAssembly
Native extension for WindowsStandalone target not found
Refreshing native plugins compatible for Editor in 0.55 ms, found 2 plugins.
Preloading 0 native plugins for Editor in 0.00 ms.
CreateSerializedAsset is not supported while importing out-of-process
UnityEngine.StackTraceUtility:ExtractStackTrace ()
PhEngine.ThaiTextCare.ThaiTextCareSettings:PrepareInstance () (at Assets/ThaiTextCare-for-Unity-main/Runtime/ThaiTextCareSettings.cs:58)
PhEngine.ThaiTextCare.Editor.ThaiTextCareEditorCore:.cctor () (at Assets/ThaiTextCare-for-Unity-main/Editor/ThaiTextNurse/ThaiTextCareEditorCore.cs:14)
System.Runtime.CompilerServices.RuntimeHelpers:RunClassConstructor (System.RuntimeTypeHandle)
UnityEditor.EditorAssemblies:ProcessInitializeOnLoadAttributes (System.Type[])

[Assets/ThaiTextCare-for-Unity-main/Runtime/ThaiTextCareSettings.cs line 58]

UnityEngine.UnityException: Creating asset at path Assets/Plugins/ThaiTextCare/Resources/ThaiTextCareSettings.asset failed.
  at (wrapper managed-to-native) UnityEditor.AssetDatabase.CreateAsset(UnityEngine.Object,string)
  at PhEngine.ThaiTextCare.ThaiTextCareSettings.PrepareInstance () [0x000ab] in D:\work\freelance\fakeapp2\Assets\ThaiTextCare-for-Unity-main\Runtime\ThaiTextCareSettings.cs:58 
  at PhEngine.ThaiTextCare.Editor.ThaiTextCareEditorCore..cctor () [0x00000] in D:\work\freelance\fakeapp2\Assets\ThaiTextCare-for-Unity-main\Editor\ThaiTextNurse\ThaiTextCareEditorCore.cs:14 
UnityEngine.StackTraceUtility:ExtractStackTrace ()
UnityEngine.DebugLogHandler:LogFormat (UnityEngine.LogType,UnityEngine.Object,string,object[])
UnityEngine.Logger:Log (UnityEngine.LogType,object)
UnityEngine.Debug:LogError (object)
UnityEditor.EditorAssemblies:ProcessInitializeOnLoadAttributes (System.Type[])

Mono: successfully reloaded assembly
- Completed reload, in  1.007 seconds
Domain Reload Profiling:
	ReloadAssembly (1007ms)
		BeginReloadAssembly (116ms)
			ExecutionOrderSort (0ms)
			DisableScriptedObjects (5ms)
			BackupInstance (0ms)
			ReleaseScriptingObjects (0ms)
			CreateAndSetChildDomain (34ms)
		EndReloadAssembly (831ms)
			LoadAssemblies (85ms)
			RebuildTransferFunctionScriptingTraits (0ms)
			SetupTypeCache (310ms)
			ReleaseScriptCaches (1ms)
			RebuildScriptCaches (39ms)
			SetupLoadedEditorAssemblies (284ms)
				LogAssemblyErrors (0ms)
				InitializePlatformSupportModulesInManaged (3ms)
				SetLoadedEditorAssemblies (1ms)
				RefreshPlugins (1ms)
				BeforeProcessingInitializeOnLoad (71ms)
				ProcessInitializeOnLoadAttributes (196ms)
				ProcessInitializeOnLoadMethodAttributes (10ms)
				AfterProcessingInitializeOnLoad (2ms)
				EditorAssembliesLoaded (0ms)
			ExecutionOrderSort2 (0ms)
			AwakeInstancesAfterBackupRestoration (7ms)
Platform modules already initialized, skipping
Switching build target platform(19) subTarget(0) extendedPlatform(0) -> platform(13) subTarget(537395200) extendedPlatform(0)
Refreshing native plugins compatible for Editor in 0.50 ms, found 2 plugins.
Preloading 0 native plugins for Editor in 0.00 ms.
Unloading 1690 Unused Serialized files (Serialized files now loaded: 0)
System memory in use before: 78.2 MB.
System memory in use after: 78.3 MB.

Unloading 15 unused Assets to reduce memory usage. Loaded Objects now: 2149.
Total: 3.044700 ms (FindLiveObjects: 0.187600 ms CreateObjectMapping: 0.041900 ms MarkObjects: 2.793200 ms  DeleteObjects: 0.020800 ms)

AssetImportParameters requested are different than current active one (requested -> active):
  custom:framework-win-MediaFoundation: 216162199b28c13a410421893ffa2e32 -> 
  custom:video-decoder-ogg-theora: a1e56fd34408186e4bbccfd4996cb3dc -> 
  custom:container-muxer-webm: aa71ff27fc2769a1b78a27578f13a17b -> 
  custom:container-demuxer-webm: 4f35f7cbe854078d1ac9338744f61a02 -> 
  custom:container-demuxer-ogg: 62fdf1f143b41e24485cea50d1cbac27 -> 
  custom:video-encoder-webm-vp8: eb34c28f22e8b96e1ab97ce403110664 -> 
  custom:video-decoder-webm-vp8: 9c59270c3fd7afecdb556c50c9e8de78 -> 
  custom:graphics/normal-map-encoding: 01000000000000000000000000000000 -> 02000000000000000000000000000000
  custom:audio-decoder-ogg-vorbis: bf7c407c2cedff20999df2af8eb42d56 -> 
  custom:audio-encoder-webm-vorbis: bf7c407c2cedff20999df2af8eb42d56 -> 
========================================================================
Received Import Request.
  Time since last request: 56.409128 seconds.
  path: Assets/Script/Setup/UserData.cs
  artifactKey: Guid(415677e690f8102419c5ad25265c8b3c) Importer(815301076,1909f56bfc062723c751e8b465ee728b)
Start importing Assets/Script/Setup/UserData.cs using Guid(415677e690f8102419c5ad25265c8b3c) Importer(815301076,1909f56bfc062723c751e8b465ee728b)  -> (artifact id: 'ad8a73fd7b447a5793138df89f085afa') in 0.006258 seconds 
  Import took 0.009584 seconds .

========================================================================
Received Prepare
Registering precompiled user dll's ...
Registered in 0.002384 seconds.
Begin MonoManager ReloadAssembly
Native extension for WindowsStandalone target not found
Refreshing native plugins compatible for Editor in 0.49 ms, found 2 plugins.
Preloading 0 native plugins for Editor in 0.00 ms.
CreateSerializedAsset is not supported while importing out-of-process
UnityEngine.StackTraceUtility:ExtractStackTrace ()
PhEngine.ThaiTextCare.ThaiTextCareSettings:PrepareInstance () (at Assets/ThaiTextCare-for-Unity-main/Runtime/ThaiTextCareSettings.cs:58)
PhEngine.ThaiTextCare.Editor.ThaiTextCareEditorCore:.cctor () (at Assets/ThaiTextCare-for-Unity-main/Editor/ThaiTextNurse/ThaiTextCareEditorCore.cs:14)
System.Runtime.CompilerServices.RuntimeHelpers:RunClassConstructor (System.RuntimeTypeHandle)
UnityEditor.EditorAssemblies:ProcessInitializeOnLoadAttributes (System.Type[])

[Assets/ThaiTextCare-for-Unity-main/Runtime/ThaiTextCareSettings.cs line 58]

UnityEngine.UnityException: Creating asset at path Assets/Plugins/ThaiTextCare/Resources/ThaiTextCareSettings.asset failed.
  at (wrapper managed-to-native) UnityEditor.AssetDatabase.CreateAsset(UnityEngine.Object,string)
  at PhEngine.ThaiTextCare.ThaiTextCareSettings.PrepareInstance () [0x000ab] in D:\work\freelance\fakeapp2\Assets\ThaiTextCare-for-Unity-main\Runtime\ThaiTextCareSettings.cs:58 
  at PhEngine.ThaiTextCare.Editor.ThaiTextCareEditorCore..cctor () [0x00000] in D:\work\freelance\fakeapp2\Assets\ThaiTextCare-for-Unity-main\Editor\ThaiTextNurse\ThaiTextCareEditorCore.cs:14 
UnityEngine.StackTraceUtility:ExtractStackTrace ()
UnityEngine.DebugLogHandler:LogFormat (UnityEngine.LogType,UnityEngine.Object,string,object[])
UnityEngine.Logger:Log (UnityEngine.LogType,object)
UnityEngine.Debug:LogError (object)
UnityEditor.EditorAssemblies:ProcessInitializeOnLoadAttributes (System.Type[])

Mono: successfully reloaded assembly
- Completed reload, in  1.021 seconds
Domain Reload Profiling:
	ReloadAssembly (1021ms)
		BeginReloadAssembly (114ms)
			ExecutionOrderSort (0ms)
			DisableScriptedObjects (5ms)
			BackupInstance (0ms)
			ReleaseScriptingObjects (0ms)
			CreateAndSetChildDomain (33ms)
		EndReloadAssembly (844ms)
			LoadAssemblies (81ms)
			RebuildTransferFunctionScriptingTraits (0ms)
			SetupTypeCache (306ms)
			ReleaseScriptCaches (1ms)
			RebuildScriptCaches (40ms)
			SetupLoadedEditorAssemblies (307ms)
				LogAssemblyErrors (0ms)
				InitializePlatformSupportModulesInManaged (4ms)
				SetLoadedEditorAssemblies (0ms)
				RefreshPlugins (1ms)
				BeforeProcessingInitializeOnLoad (78ms)
				ProcessInitializeOnLoadAttributes (211ms)
				ProcessInitializeOnLoadMethodAttributes (10ms)
				AfterProcessingInitializeOnLoad (2ms)
				EditorAssembliesLoaded (0ms)
			ExecutionOrderSort2 (0ms)
			AwakeInstancesAfterBackupRestoration (9ms)
Platform modules already initialized, skipping
Switching build target platform(19) subTarget(0) extendedPlatform(0) -> platform(13) subTarget(537395200) extendedPlatform(0)
Refreshing native plugins compatible for Editor in 0.49 ms, found 2 plugins.
Preloading 0 native plugins for Editor in 0.00 ms.
Unloading 1691 Unused Serialized files (Serialized files now loaded: 0)
System memory in use before: 78.2 MB.
System memory in use after: 78.4 MB.

Unloading 15 unused Assets to reduce memory usage. Loaded Objects now: 2152.
Total: 3.575900 ms (FindLiveObjects: 0.257700 ms CreateObjectMapping: 0.058900 ms MarkObjects: 3.233300 ms  DeleteObjects: 0.023400 ms)

AssetImportParameters requested are different than current active one (requested -> active):
  custom:framework-win-MediaFoundation: 216162199b28c13a410421893ffa2e32 -> 
  custom:video-decoder-ogg-theora: a1e56fd34408186e4bbccfd4996cb3dc -> 
  custom:container-muxer-webm: aa71ff27fc2769a1b78a27578f13a17b -> 
  custom:container-demuxer-webm: 4f35f7cbe854078d1ac9338744f61a02 -> 
  custom:container-demuxer-ogg: 62fdf1f143b41e24485cea50d1cbac27 -> 
  custom:video-encoder-webm-vp8: eb34c28f22e8b96e1ab97ce403110664 -> 
  custom:video-decoder-webm-vp8: 9c59270c3fd7afecdb556c50c9e8de78 -> 
  custom:graphics/normal-map-encoding: 01000000000000000000000000000000 -> 02000000000000000000000000000000
  custom:audio-decoder-ogg-vorbis: bf7c407c2cedff20999df2af8eb42d56 -> 
  custom:audio-encoder-webm-vorbis: bf7c407c2cedff20999df2af8eb42d56 -> 
========================================================================
Received Import Request.
  Time since last request: 70.085797 seconds.
  path: Assets/Script/Setup/UserData.cs
  artifactKey: Guid(415677e690f8102419c5ad25265c8b3c) Importer(815301076,1909f56bfc062723c751e8b465ee728b)
Start importing Assets/Script/Setup/UserData.cs using Guid(415677e690f8102419c5ad25265c8b3c) Importer(815301076,1909f56bfc062723c751e8b465ee728b)  -> (artifact id: '6119d716cfba803fd156d29ea04b912e') in 0.004988 seconds 
  Import took 0.007872 seconds .

========================================================================
Received Prepare
Registering precompiled user dll's ...
Registered in 0.002462 seconds.
Begin MonoManager ReloadAssembly
Native extension for WindowsStandalone target not found
Refreshing native plugins compatible for Editor in 0.53 ms, found 2 plugins.
Preloading 0 native plugins for Editor in 0.00 ms.
CreateSerializedAsset is not supported while importing out-of-process
UnityEngine.StackTraceUtility:ExtractStackTrace ()
PhEngine.ThaiTextCare.ThaiTextCareSettings:PrepareInstance () (at Assets/ThaiTextCare-for-Unity-main/Runtime/ThaiTextCareSettings.cs:58)
PhEngine.ThaiTextCare.Editor.ThaiTextCareEditorCore:.cctor () (at Assets/ThaiTextCare-for-Unity-main/Editor/ThaiTextNurse/ThaiTextCareEditorCore.cs:14)
System.Runtime.CompilerServices.RuntimeHelpers:RunClassConstructor (System.RuntimeTypeHandle)
UnityEditor.EditorAssemblies:ProcessInitializeOnLoadAttributes (System.Type[])

[Assets/ThaiTextCare-for-Unity-main/Runtime/ThaiTextCareSettings.cs line 58]

UnityEngine.UnityException: Creating asset at path Assets/Plugins/ThaiTextCare/Resources/ThaiTextCareSettings.asset failed.
  at (wrapper managed-to-native) UnityEditor.AssetDatabase.CreateAsset(UnityEngine.Object,string)
  at PhEngine.ThaiTextCare.ThaiTextCareSettings.PrepareInstance () [0x000ab] in D:\work\freelance\fakeapp2\Assets\ThaiTextCare-for-Unity-main\Runtime\ThaiTextCareSettings.cs:58 
  at PhEngine.ThaiTextCare.Editor.ThaiTextCareEditorCore..cctor () [0x00000] in D:\work\freelance\fakeapp2\Assets\ThaiTextCare-for-Unity-main\Editor\ThaiTextNurse\ThaiTextCareEditorCore.cs:14 
UnityEngine.StackTraceUtility:ExtractStackTrace ()
UnityEngine.DebugLogHandler:LogFormat (UnityEngine.LogType,UnityEngine.Object,string,object[])
UnityEngine.Logger:Log (UnityEngine.LogType,object)
UnityEngine.Debug:LogError (object)
UnityEditor.EditorAssemblies:ProcessInitializeOnLoadAttributes (System.Type[])

Mono: successfully reloaded assembly
- Completed reload, in  1.068 seconds
Domain Reload Profiling:
	ReloadAssembly (1069ms)
		BeginReloadAssembly (117ms)
			ExecutionOrderSort (0ms)
			DisableScriptedObjects (5ms)
			BackupInstance (0ms)
			ReleaseScriptingObjects (0ms)
			CreateAndSetChildDomain (39ms)
		EndReloadAssembly (887ms)
			LoadAssemblies (91ms)
			RebuildTransferFunctionScriptingTraits (0ms)
			SetupTypeCache (316ms)
			ReleaseScriptCaches (1ms)
			RebuildScriptCaches (40ms)
			SetupLoadedEditorAssemblies (327ms)
				LogAssemblyErrors (0ms)
				InitializePlatformSupportModulesInManaged (5ms)
				SetLoadedEditorAssemblies (1ms)
				RefreshPlugins (1ms)
				BeforeProcessingInitializeOnLoad (83ms)
				ProcessInitializeOnLoadAttributes (221ms)
				ProcessInitializeOnLoadMethodAttributes (15ms)
				AfterProcessingInitializeOnLoad (2ms)
				EditorAssembliesLoaded (0ms)
			ExecutionOrderSort2 (0ms)
			AwakeInstancesAfterBackupRestoration (7ms)
Platform modules already initialized, skipping
Switching build target platform(19) subTarget(0) extendedPlatform(0) -> platform(13) subTarget(537395200) extendedPlatform(0)
Refreshing native plugins compatible for Editor in 0.50 ms, found 2 plugins.
Preloading 0 native plugins for Editor in 0.00 ms.
Unloading 1691 Unused Serialized files (Serialized files now loaded: 0)
System memory in use before: 78.3 MB.
System memory in use after: 78.4 MB.

Unloading 15 unused Assets to reduce memory usage. Loaded Objects now: 2155.
Total: 3.645000 ms (FindLiveObjects: 0.199500 ms CreateObjectMapping: 0.045400 ms MarkObjects: 3.369000 ms  DeleteObjects: 0.029200 ms)

AssetImportParameters requested are different than current active one (requested -> active):
  custom:framework-win-MediaFoundation: 216162199b28c13a410421893ffa2e32 -> 
  custom:video-decoder-ogg-theora: a1e56fd34408186e4bbccfd4996cb3dc -> 
  custom:container-muxer-webm: aa71ff27fc2769a1b78a27578f13a17b -> 
  custom:container-demuxer-webm: 4f35f7cbe854078d1ac9338744f61a02 -> 
  custom:container-demuxer-ogg: 62fdf1f143b41e24485cea50d1cbac27 -> 
  custom:video-encoder-webm-vp8: eb34c28f22e8b96e1ab97ce403110664 -> 
  custom:video-decoder-webm-vp8: 9c59270c3fd7afecdb556c50c9e8de78 -> 
  custom:graphics/normal-map-encoding: 01000000000000000000000000000000 -> 02000000000000000000000000000000
  custom:audio-decoder-ogg-vorbis: bf7c407c2cedff20999df2af8eb42d56 -> 
  custom:audio-encoder-webm-vorbis: bf7c407c2cedff20999df2af8eb42d56 -> 
========================================================================
Received Import Request.
  Time since last request: 1871.759725 seconds.
  path: Assets/PopUp/Story3/pageSee2.prefab
  artifactKey: Guid(6ff90ad4049e1c5489c00a9d2fc27a57) Importer(815301076,1909f56bfc062723c751e8b465ee728b)
Start importing Assets/PopUp/Story3/pageSee2.prefab using Guid(6ff90ad4049e1c5489c00a9d2fc27a57) Importer(815301076,1909f56bfc062723c751e8b465ee728b)  -> (artifact id: 'ea7fdefb8084edf036d058ad07509eee') in 0.123086 seconds 
  Import took 0.143598 seconds .

========================================================================
Received Import Request.
  Time since last request: 0.346245 seconds.
  path: Assets/PopUp/Story3/bank3-1 (1).prefab
  artifactKey: Guid(4d4b59eab161fb24095fa48c1cf2c728) Importer(815301076,1909f56bfc062723c751e8b465ee728b)
Start importing Assets/PopUp/Story3/bank3-1 (1).prefab using Guid(4d4b59eab161fb24095fa48c1cf2c728) Importer(815301076,1909f56bfc062723c751e8b465ee728b)  -> (artifact id: '8d93f097651a1a3bb5b3f468b4d5f3fe') in 0.007149 seconds 
  Import took 0.010345 seconds .

========================================================================
Received Import Request.
  Time since last request: 0.504853 seconds.
  path: Assets/PopUp/Story3/bank3-4.prefab
  artifactKey: Guid(31dcb5fbdacd4fb4788b07af38f12d1c) Importer(815301076,1909f56bfc062723c751e8b465ee728b)
Start importing Assets/PopUp/Story3/bank3-4.prefab using Guid(31dcb5fbdacd4fb4788b07af38f12d1c) Importer(815301076,1909f56bfc062723c751e8b465ee728b)  -> (artifact id: '24b4fdcf85e2a94e94e11afde93a31bd') in 0.006447 seconds 
  Import took 0.009350 seconds .

========================================================================
Received Import Request.
  Time since last request: 0.362015 seconds.
  path: Assets/PopUp/Story3/end3.prefab
  artifactKey: Guid(6c5c2ea8c41c3d4499be34fcf91d2826) Importer(815301076,1909f56bfc062723c751e8b465ee728b)
Start importing Assets/PopUp/Story3/end3.prefab using Guid(6c5c2ea8c41c3d4499be34fcf91d2826) Importer(815301076,1909f56bfc062723c751e8b465ee728b)  -> (artifact id: 'a9c9d458d7837bc343093358a522b391') in 0.028653 seconds 
  Import took 0.051329 seconds .

========================================================================
Received Import Request.
  Time since last request: 3.747154 seconds.
  path: Assets/PopUp/Story3/bank3-5.prefab
  artifactKey: Guid(c132d64913d85e04ba0feb5d80694c97) Importer(815301076,1909f56bfc062723c751e8b465ee728b)
Start importing Assets/PopUp/Story3/bank3-5.prefab using Guid(c132d64913d85e04ba0feb5d80694c97) Importer(815301076,1909f56bfc062723c751e8b465ee728b)  -> (artifact id: 'ae9efb1568af53453a8ce1f63f269cd4') in 0.006919 seconds 
  Import took 0.010016 seconds .

========================================================================
Received Import Request.
  Time since last request: 3.475069 seconds.
  path: Assets/PopUp/Story3/page3-5.prefab
  artifactKey: Guid(6cee073c26a968d4fa19769c53d2d504) Importer(815301076,1909f56bfc062723c751e8b465ee728b)
Start importing Assets/PopUp/Story3/page3-5.prefab using Guid(6cee073c26a968d4fa19769c53d2d504) Importer(815301076,1909f56bfc062723c751e8b465ee728b)  -> (artifact id: '399528e639f318eefb0769ba59753cf4') in 0.026081 seconds 
  Import took 0.029487 seconds .

========================================================================
Received Import Request.
  Time since last request: 1.446938 seconds.
  path: Assets/PopUp/Story3/page3-4.prefab
  artifactKey: Guid(95061ec42ed681448a75821528a9c086) Importer(815301076,1909f56bfc062723c751e8b465ee728b)
Start importing Assets/PopUp/Story3/page3-4.prefab using Guid(95061ec42ed681448a75821528a9c086) Importer(815301076,1909f56bfc062723c751e8b465ee728b) The AnimationClip 'PopUp3' used by the Animation component 'popup' must be marked as Legacy.
 -> (artifact id: '1d611cddeb838e77c5c0a6085fe38a64') in 0.008829 seconds 
  Import took 0.011710 seconds .

========================================================================
Received Import Request.
  Time since last request: 0.931682 seconds.
  path: Assets/PopUp/Story3/page3-3.prefab
  artifactKey: Guid(2483d230f0abd8346b9cd417760e9f15) Importer(815301076,1909f56bfc062723c751e8b465ee728b)
Start importing Assets/PopUp/Story3/page3-3.prefab using Guid(2483d230f0abd8346b9cd417760e9f15) Importer(815301076,1909f56bfc062723c751e8b465ee728b)  -> (artifact id: '88f60fdc01747652989e95eb3bd3cdba') in 0.030048 seconds 
  Import took 0.032926 seconds .

========================================================================
Received Import Request.
  Time since last request: 1.020675 seconds.
  path: Assets/PopUp/Story3/page3-2.prefab
  artifactKey: Guid(d258bb6ffc5b8de46bb309680048cea3) Importer(815301076,1909f56bfc062723c751e8b465ee728b)
Start importing Assets/PopUp/Story3/page3-2.prefab using Guid(d258bb6ffc5b8de46bb309680048cea3) Importer(815301076,1909f56bfc062723c751e8b465ee728b)  -> (artifact id: 'f4ff3dec8f094dec9eb86efd065c6378') in 0.025300 seconds 
  Import took 0.028450 seconds .

========================================================================
Received Import Request.
  Time since last request: 0.818988 seconds.
  path: Assets/PopUp/Story3/page3-1.prefab
  artifactKey: Guid(aa32e2ac49c77eb4f9ba56b5ee0efe34) Importer(815301076,1909f56bfc062723c751e8b465ee728b)
Start importing Assets/PopUp/Story3/page3-1.prefab using Guid(aa32e2ac49c77eb4f9ba56b5ee0efe34) Importer(815301076,1909f56bfc062723c751e8b465ee728b)  -> (artifact id: '71bc26f58c64b1effa585eb83d16134a') in 0.041183 seconds 
  Import took 0.045505 seconds .

AssetImportWorkerClient::OnTransportError - code=2 error=End of file
